// Jest Snapshot v1, https://goo.gl/fbAQLP

exports[`Components ArticleItemPage Snapshot should correctly render ArticleItemPage 1`] = `
ShallowWrapper {
  "length": 1,
  Symbol(enzyme.__root__): [Circular],
  Symbol(enzyme.__unrendered__): <ArticleItemPage />,
  Symbol(enzyme.__renderer__): Object {
    "batchedUpdates": [Function],
    "getNode": [Function],
    "render": [Function],
    "simulateEvent": [Function],
    "unmount": [Function],
  },
  Symbol(enzyme.__node__): Object {
    "instance": null,
    "key": undefined,
    "nodeType": "host",
    "props": Object {
      "children": Array [
        <HelmetWrapper
          defer={true}
          encodeSpecialCharacters={true}
/>,
        <div
          className="container article-show-container pt-5 pb-5"
>
          <Unknown />
          
          <Modal
                    autoFocus={true}
                    backdrop={true}
                    backdropTransition={
                              Object {
                                        "mountOnEnter": true,
                                        "timeout": 150,
                                      }
                    }
                    centered={true}
                    fade={true}
                    isOpen={false}
                    keyboard={true}
                    modalTransition={
                              Object {
                                        "timeout": 300,
                                      }
                    }
                    onClosed={[Function]}
                    onOpened={[Function]}
                    role="dialog"
                    size="article-img-dialog"
                    toggle={[Function]}
                    zIndex={1050}
          />
</div>,
      ],
      "className": "canvas",
    },
    "ref": null,
    "rendered": Array [
      Object {
        "instance": null,
        "key": undefined,
        "nodeType": "class",
        "props": Object {
          "children": null,
          "defer": true,
          "encodeSpecialCharacters": true,
        },
        "ref": null,
        "rendered": null,
        "type": [Function],
      },
      Object {
        "instance": null,
        "key": undefined,
        "nodeType": "host",
        "props": Object {
          "children": Array [
            null,
            <Unknown />,
            "",
            null,
            <Modal
              autoFocus={true}
              backdrop={true}
              backdropTransition={
                            Object {
                                          "mountOnEnter": true,
                                          "timeout": 150,
                                        }
              }
              centered={true}
              fade={true}
              isOpen={false}
              keyboard={true}
              modalTransition={
                            Object {
                                          "timeout": 300,
                                        }
              }
              onClosed={[Function]}
              onOpened={[Function]}
              role="dialog"
              size="article-img-dialog"
              toggle={[Function]}
              zIndex={1050}
/>,
          ],
          "className": "container article-show-container pt-5 pb-5",
        },
        "ref": null,
        "rendered": Array [
          null,
          Object {
            "instance": null,
            "key": undefined,
            "nodeType": "function",
            "props": Object {},
            "ref": null,
            "rendered": null,
            "type": [Function],
          },
          "",
          null,
          Object {
            "instance": null,
            "key": undefined,
            "nodeType": "class",
            "props": Object {
              "autoFocus": true,
              "backdrop": true,
              "backdropTransition": Object {
                "mountOnEnter": true,
                "timeout": 150,
              },
              "centered": true,
              "children": undefined,
              "fade": true,
              "isOpen": false,
              "keyboard": true,
              "modalTransition": Object {
                "timeout": 300,
              },
              "onClosed": [Function],
              "onOpened": [Function],
              "role": "dialog",
              "size": "article-img-dialog",
              "toggle": [Function],
              "zIndex": 1050,
            },
            "ref": null,
            "rendered": null,
            "type": [Function],
          },
        ],
        "type": "div",
      },
    ],
    "type": "div",
  },
  Symbol(enzyme.__nodes__): Array [
    Object {
      "instance": null,
      "key": undefined,
      "nodeType": "host",
      "props": Object {
        "children": Array [
          <HelmetWrapper
            defer={true}
            encodeSpecialCharacters={true}
/>,
          <div
            className="container article-show-container pt-5 pb-5"
>
            <Unknown />
            
            <Modal
                        autoFocus={true}
                        backdrop={true}
                        backdropTransition={
                                    Object {
                                                "mountOnEnter": true,
                                                "timeout": 150,
                                              }
                        }
                        centered={true}
                        fade={true}
                        isOpen={false}
                        keyboard={true}
                        modalTransition={
                                    Object {
                                                "timeout": 300,
                                              }
                        }
                        onClosed={[Function]}
                        onOpened={[Function]}
                        role="dialog"
                        size="article-img-dialog"
                        toggle={[Function]}
                        zIndex={1050}
            />
</div>,
        ],
        "className": "canvas",
      },
      "ref": null,
      "rendered": Array [
        Object {
          "instance": null,
          "key": undefined,
          "nodeType": "class",
          "props": Object {
            "children": null,
            "defer": true,
            "encodeSpecialCharacters": true,
          },
          "ref": null,
          "rendered": null,
          "type": [Function],
        },
        Object {
          "instance": null,
          "key": undefined,
          "nodeType": "host",
          "props": Object {
            "children": Array [
              null,
              <Unknown />,
              "",
              null,
              <Modal
                autoFocus={true}
                backdrop={true}
                backdropTransition={
                                Object {
                                                "mountOnEnter": true,
                                                "timeout": 150,
                                              }
                }
                centered={true}
                fade={true}
                isOpen={false}
                keyboard={true}
                modalTransition={
                                Object {
                                                "timeout": 300,
                                              }
                }
                onClosed={[Function]}
                onOpened={[Function]}
                role="dialog"
                size="article-img-dialog"
                toggle={[Function]}
                zIndex={1050}
/>,
            ],
            "className": "container article-show-container pt-5 pb-5",
          },
          "ref": null,
          "rendered": Array [
            null,
            Object {
              "instance": null,
              "key": undefined,
              "nodeType": "function",
              "props": Object {},
              "ref": null,
              "rendered": null,
              "type": [Function],
            },
            "",
            null,
            Object {
              "instance": null,
              "key": undefined,
              "nodeType": "class",
              "props": Object {
                "autoFocus": true,
                "backdrop": true,
                "backdropTransition": Object {
                  "mountOnEnter": true,
                  "timeout": 150,
                },
                "centered": true,
                "children": undefined,
                "fade": true,
                "isOpen": false,
                "keyboard": true,
                "modalTransition": Object {
                  "timeout": 300,
                },
                "onClosed": [Function],
                "onOpened": [Function],
                "role": "dialog",
                "size": "article-img-dialog",
                "toggle": [Function],
                "zIndex": 1050,
              },
              "ref": null,
              "rendered": null,
              "type": [Function],
            },
          ],
          "type": "div",
        },
      ],
      "type": "div",
    },
  ],
  Symbol(enzyme.__options__): Object {
    "adapter": ReactSixteenAdapter {
      "options": Object {
        "enableComponentDidUpdateOnSetState": true,
      },
    },
  },
}
`;
