// Jest Snapshot v1, https://goo.gl/fbAQLP

exports[`Components ArticleEditPage Snapshot should correctly render ArticleEditPage 1`] = `
ShallowWrapper {
  "length": 1,
  Symbol(enzyme.__root__): [Circular],
  Symbol(enzyme.__unrendered__): <ArticleEditPage />,
  Symbol(enzyme.__renderer__): Object {
    "batchedUpdates": [Function],
    "getNode": [Function],
    "render": [Function],
    "simulateEvent": [Function],
    "unmount": [Function],
  },
  Symbol(enzyme.__node__): Object {
    "instance": null,
    "key": undefined,
    "nodeType": "function",
    "props": Object {
      "children": Array [
        <HelmetWrapper
          defer={true}
          encodeSpecialCharacters={true}
>
          <title>
                    Edit an article - FamousTitle.com
          </title>
</HelmetWrapper>,
        <div
          className="container"
>
          <Form
                    autoComplete="off"
                    onSubmit={[Function]}
                    tag="form"
          >
                    <div
                              className="row"
                    >
                              <div
                                        className="col-md"
                              >
                                        <div
                                                  className="mt-5"
                                        >
                                                  <FormGroup
                                                            tag="div"
                                                  >
                                                            <Input
                                                                      name="title"
                                                                      onChange={[Function]}
                                                                      placeholder="Title"
                                                                      type="text"
                                                                      value=""
                                                            />
                                                  </FormGroup>
                                                  <FormGroup
                                                            tag="div"
                                                  >
                                                            <Input
                                                                      name="subtitle"
                                                                      onChange={[Function]}
                                                                      placeholder="Subtitle"
                                                                      type="text"
                                                                      value=""
                                                            />
                                                  </FormGroup>
                                                  <FormGroup
                                                            tag="div"
                                                  >
                                                            <Input
                                                                      name="tags"
                                                                      onChange={[Function]}
                                                                      placeholder="Tag"
                                                                      type="text"
                                                                      value=""
                                                            />
                                                  </FormGroup>
                                                  <FormGroup
                                                            tag="div"
                                                  >
                                                            <Input
                                                                      name="body"
                                                                      onChange={[Function]}
                                                                      placeholder="Add your article"
                                                                      rows="20"
                                                                      type="textarea"
                                                                      value=""
                                                            />
                                                  </FormGroup>
                                                  
                                        </div>
                              </div>
                              <div
                                        className="col-md"
                              >
                                        <div
                                                  className="mt-5"
                                        >
                                                  <Unknown />
                                                  
                                                  
                                        </div>
                              </div>
                    </div>
          </Form>
</div>,
      ],
    },
    "ref": null,
    "rendered": Array [
      Object {
        "instance": null,
        "key": undefined,
        "nodeType": "class",
        "props": Object {
          "children": <title>
            Edit an article - FamousTitle.com
</title>,
          "defer": true,
          "encodeSpecialCharacters": true,
        },
        "ref": null,
        "rendered": Object {
          "instance": null,
          "key": undefined,
          "nodeType": "host",
          "props": Object {
            "children": "Edit an article - FamousTitle.com",
          },
          "ref": null,
          "rendered": "Edit an article - FamousTitle.com",
          "type": "title",
        },
        "type": [Function],
      },
      Object {
        "instance": null,
        "key": undefined,
        "nodeType": "host",
        "props": Object {
          "children": <Form
            autoComplete="off"
            onSubmit={[Function]}
            tag="form"
>
            <div
                        className="row"
            >
                        <div
                                    className="col-md"
                        >
                                    <div
                                                className="mt-5"
                                    >
                                                <FormGroup
                                                            tag="div"
                                                >
                                                            <Input
                                                                        name="title"
                                                                        onChange={[Function]}
                                                                        placeholder="Title"
                                                                        type="text"
                                                                        value=""
                                                            />
                                                </FormGroup>
                                                <FormGroup
                                                            tag="div"
                                                >
                                                            <Input
                                                                        name="subtitle"
                                                                        onChange={[Function]}
                                                                        placeholder="Subtitle"
                                                                        type="text"
                                                                        value=""
                                                            />
                                                </FormGroup>
                                                <FormGroup
                                                            tag="div"
                                                >
                                                            <Input
                                                                        name="tags"
                                                                        onChange={[Function]}
                                                                        placeholder="Tag"
                                                                        type="text"
                                                                        value=""
                                                            />
                                                </FormGroup>
                                                <FormGroup
                                                            tag="div"
                                                >
                                                            <Input
                                                                        name="body"
                                                                        onChange={[Function]}
                                                                        placeholder="Add your article"
                                                                        rows="20"
                                                                        type="textarea"
                                                                        value=""
                                                            />
                                                </FormGroup>
                                                
                                    </div>
                        </div>
                        <div
                                    className="col-md"
                        >
                                    <div
                                                className="mt-5"
                                    >
                                                <Unknown />
                                                
                                                
                                    </div>
                        </div>
            </div>
</Form>,
          "className": "container",
        },
        "ref": null,
        "rendered": Object {
          "instance": null,
          "key": undefined,
          "nodeType": "function",
          "props": Object {
            "autoComplete": "off",
            "children": <div
              className="row"
>
              <div
                            className="col-md"
              >
                            <div
                                          className="mt-5"
                            >
                                          <FormGroup
                                                        tag="div"
                                          >
                                                        <Input
                                                                      name="title"
                                                                      onChange={[Function]}
                                                                      placeholder="Title"
                                                                      type="text"
                                                                      value=""
                                                        />
                                          </FormGroup>
                                          <FormGroup
                                                        tag="div"
                                          >
                                                        <Input
                                                                      name="subtitle"
                                                                      onChange={[Function]}
                                                                      placeholder="Subtitle"
                                                                      type="text"
                                                                      value=""
                                                        />
                                          </FormGroup>
                                          <FormGroup
                                                        tag="div"
                                          >
                                                        <Input
                                                                      name="tags"
                                                                      onChange={[Function]}
                                                                      placeholder="Tag"
                                                                      type="text"
                                                                      value=""
                                                        />
                                          </FormGroup>
                                          <FormGroup
                                                        tag="div"
                                          >
                                                        <Input
                                                                      name="body"
                                                                      onChange={[Function]}
                                                                      placeholder="Add your article"
                                                                      rows="20"
                                                                      type="textarea"
                                                                      value=""
                                                        />
                                          </FormGroup>
                                          
                            </div>
              </div>
              <div
                            className="col-md"
              >
                            <div
                                          className="mt-5"
                            >
                                          <Unknown />
                                          
                                          
                            </div>
              </div>
</div>,
            "onSubmit": [Function],
            "tag": "form",
          },
          "ref": null,
          "rendered": Object {
            "instance": null,
            "key": undefined,
            "nodeType": "host",
            "props": Object {
              "children": Array [
                <div
                  className="col-md"
>
                  <div
                                    className="mt-5"
                  >
                                    <FormGroup
                                                      tag="div"
                                    >
                                                      <Input
                                                                        name="title"
                                                                        onChange={[Function]}
                                                                        placeholder="Title"
                                                                        type="text"
                                                                        value=""
                                                      />
                                    </FormGroup>
                                    <FormGroup
                                                      tag="div"
                                    >
                                                      <Input
                                                                        name="subtitle"
                                                                        onChange={[Function]}
                                                                        placeholder="Subtitle"
                                                                        type="text"
                                                                        value=""
                                                      />
                                    </FormGroup>
                                    <FormGroup
                                                      tag="div"
                                    >
                                                      <Input
                                                                        name="tags"
                                                                        onChange={[Function]}
                                                                        placeholder="Tag"
                                                                        type="text"
                                                                        value=""
                                                      />
                                    </FormGroup>
                                    <FormGroup
                                                      tag="div"
                                    >
                                                      <Input
                                                                        name="body"
                                                                        onChange={[Function]}
                                                                        placeholder="Add your article"
                                                                        rows="20"
                                                                        type="textarea"
                                                                        value=""
                                                      />
                                    </FormGroup>
                                    
                  </div>
</div>,
                <div
                  className="col-md"
>
                  <div
                                    className="mt-5"
                  >
                                    <Unknown />
                                    
                                    
                  </div>
</div>,
              ],
              "className": "row",
            },
            "ref": null,
            "rendered": Array [
              Object {
                "instance": null,
                "key": undefined,
                "nodeType": "host",
                "props": Object {
                  "children": <div
                    className="mt-5"
>
                    <FormGroup
                                        tag="div"
                    >
                                        <Input
                                                            name="title"
                                                            onChange={[Function]}
                                                            placeholder="Title"
                                                            type="text"
                                                            value=""
                                        />
                    </FormGroup>
                    <FormGroup
                                        tag="div"
                    >
                                        <Input
                                                            name="subtitle"
                                                            onChange={[Function]}
                                                            placeholder="Subtitle"
                                                            type="text"
                                                            value=""
                                        />
                    </FormGroup>
                    <FormGroup
                                        tag="div"
                    >
                                        <Input
                                                            name="tags"
                                                            onChange={[Function]}
                                                            placeholder="Tag"
                                                            type="text"
                                                            value=""
                                        />
                    </FormGroup>
                    <FormGroup
                                        tag="div"
                    >
                                        <Input
                                                            name="body"
                                                            onChange={[Function]}
                                                            placeholder="Add your article"
                                                            rows="20"
                                                            type="textarea"
                                                            value=""
                                        />
                    </FormGroup>
                    
</div>,
                  "className": "col-md",
                },
                "ref": null,
                "rendered": Object {
                  "instance": null,
                  "key": undefined,
                  "nodeType": "host",
                  "props": Object {
                    "children": Array [
                      <FormGroup
                        tag="div"
>
                        <Input
                                                name="title"
                                                onChange={[Function]}
                                                placeholder="Title"
                                                type="text"
                                                value=""
                        />
</FormGroup>,
                      <FormGroup
                        tag="div"
>
                        <Input
                                                name="subtitle"
                                                onChange={[Function]}
                                                placeholder="Subtitle"
                                                type="text"
                                                value=""
                        />
</FormGroup>,
                      <FormGroup
                        tag="div"
>
                        <Input
                                                name="tags"
                                                onChange={[Function]}
                                                placeholder="Tag"
                                                type="text"
                                                value=""
                        />
</FormGroup>,
                      <FormGroup
                        tag="div"
>
                        <Input
                                                name="body"
                                                onChange={[Function]}
                                                placeholder="Add your article"
                                                rows="20"
                                                type="textarea"
                                                value=""
                        />
</FormGroup>,
                      "",
                    ],
                    "className": "mt-5",
                  },
                  "ref": null,
                  "rendered": Array [
                    Object {
                      "instance": null,
                      "key": undefined,
                      "nodeType": "function",
                      "props": Object {
                        "children": <Input
                          name="title"
                          onChange={[Function]}
                          placeholder="Title"
                          type="text"
                          value=""
/>,
                        "tag": "div",
                      },
                      "ref": null,
                      "rendered": Object {
                        "instance": null,
                        "key": undefined,
                        "nodeType": "class",
                        "props": Object {
                          "name": "title",
                          "onChange": [Function],
                          "placeholder": "Title",
                          "type": "text",
                          "value": "",
                        },
                        "ref": null,
                        "rendered": null,
                        "type": [Function],
                      },
                      "type": [Function],
                    },
                    Object {
                      "instance": null,
                      "key": undefined,
                      "nodeType": "function",
                      "props": Object {
                        "children": <Input
                          name="subtitle"
                          onChange={[Function]}
                          placeholder="Subtitle"
                          type="text"
                          value=""
/>,
                        "tag": "div",
                      },
                      "ref": null,
                      "rendered": Object {
                        "instance": null,
                        "key": undefined,
                        "nodeType": "class",
                        "props": Object {
                          "name": "subtitle",
                          "onChange": [Function],
                          "placeholder": "Subtitle",
                          "type": "text",
                          "value": "",
                        },
                        "ref": null,
                        "rendered": null,
                        "type": [Function],
                      },
                      "type": [Function],
                    },
                    Object {
                      "instance": null,
                      "key": undefined,
                      "nodeType": "function",
                      "props": Object {
                        "children": <Input
                          name="tags"
                          onChange={[Function]}
                          placeholder="Tag"
                          type="text"
                          value=""
/>,
                        "tag": "div",
                      },
                      "ref": null,
                      "rendered": Object {
                        "instance": null,
                        "key": undefined,
                        "nodeType": "class",
                        "props": Object {
                          "name": "tags",
                          "onChange": [Function],
                          "placeholder": "Tag",
                          "type": "text",
                          "value": "",
                        },
                        "ref": null,
                        "rendered": null,
                        "type": [Function],
                      },
                      "type": [Function],
                    },
                    Object {
                      "instance": null,
                      "key": undefined,
                      "nodeType": "function",
                      "props": Object {
                        "children": <Input
                          name="body"
                          onChange={[Function]}
                          placeholder="Add your article"
                          rows="20"
                          type="textarea"
                          value=""
/>,
                        "tag": "div",
                      },
                      "ref": null,
                      "rendered": Object {
                        "instance": null,
                        "key": undefined,
                        "nodeType": "class",
                        "props": Object {
                          "name": "body",
                          "onChange": [Function],
                          "placeholder": "Add your article",
                          "rows": "20",
                          "type": "textarea",
                          "value": "",
                        },
                        "ref": null,
                        "rendered": null,
                        "type": [Function],
                      },
                      "type": [Function],
                    },
                    "",
                  ],
                  "type": "div",
                },
                "type": "div",
              },
              Object {
                "instance": null,
                "key": undefined,
                "nodeType": "host",
                "props": Object {
                  "children": <div
                    className="mt-5"
>
                    <Unknown />
                    
                    
</div>,
                  "className": "col-md",
                },
                "ref": null,
                "rendered": Object {
                  "instance": null,
                  "key": undefined,
                  "nodeType": "host",
                  "props": Object {
                    "children": Array [
                      <Unknown />,
                      "",
                      "",
                    ],
                    "className": "mt-5",
                  },
                  "ref": null,
                  "rendered": Array [
                    Object {
                      "instance": null,
                      "key": undefined,
                      "nodeType": "function",
                      "props": Object {},
                      "ref": null,
                      "rendered": null,
                      "type": [Function],
                    },
                    "",
                    "",
                  ],
                  "type": "div",
                },
                "type": "div",
              },
            ],
            "type": "div",
          },
          "type": [Function],
        },
        "type": "div",
      },
    ],
    "type": Symbol(react.fragment),
  },
  Symbol(enzyme.__nodes__): Array [
    Object {
      "instance": null,
      "key": undefined,
      "nodeType": "function",
      "props": Object {
        "children": Array [
          <HelmetWrapper
            defer={true}
            encodeSpecialCharacters={true}
>
            <title>
                        Edit an article - FamousTitle.com
            </title>
</HelmetWrapper>,
          <div
            className="container"
>
            <Form
                        autoComplete="off"
                        onSubmit={[Function]}
                        tag="form"
            >
                        <div
                                    className="row"
                        >
                                    <div
                                                className="col-md"
                                    >
                                                <div
                                                            className="mt-5"
                                                >
                                                            <FormGroup
                                                                        tag="div"
                                                            >
                                                                        <Input
                                                                                    name="title"
                                                                                    onChange={[Function]}
                                                                                    placeholder="Title"
                                                                                    type="text"
                                                                                    value=""
                                                                        />
                                                            </FormGroup>
                                                            <FormGroup
                                                                        tag="div"
                                                            >
                                                                        <Input
                                                                                    name="subtitle"
                                                                                    onChange={[Function]}
                                                                                    placeholder="Subtitle"
                                                                                    type="text"
                                                                                    value=""
                                                                        />
                                                            </FormGroup>
                                                            <FormGroup
                                                                        tag="div"
                                                            >
                                                                        <Input
                                                                                    name="tags"
                                                                                    onChange={[Function]}
                                                                                    placeholder="Tag"
                                                                                    type="text"
                                                                                    value=""
                                                                        />
                                                            </FormGroup>
                                                            <FormGroup
                                                                        tag="div"
                                                            >
                                                                        <Input
                                                                                    name="body"
                                                                                    onChange={[Function]}
                                                                                    placeholder="Add your article"
                                                                                    rows="20"
                                                                                    type="textarea"
                                                                                    value=""
                                                                        />
                                                            </FormGroup>
                                                            
                                                </div>
                                    </div>
                                    <div
                                                className="col-md"
                                    >
                                                <div
                                                            className="mt-5"
                                                >
                                                            <Unknown />
                                                            
                                                            
                                                </div>
                                    </div>
                        </div>
            </Form>
</div>,
        ],
      },
      "ref": null,
      "rendered": Array [
        Object {
          "instance": null,
          "key": undefined,
          "nodeType": "class",
          "props": Object {
            "children": <title>
              Edit an article - FamousTitle.com
</title>,
            "defer": true,
            "encodeSpecialCharacters": true,
          },
          "ref": null,
          "rendered": Object {
            "instance": null,
            "key": undefined,
            "nodeType": "host",
            "props": Object {
              "children": "Edit an article - FamousTitle.com",
            },
            "ref": null,
            "rendered": "Edit an article - FamousTitle.com",
            "type": "title",
          },
          "type": [Function],
        },
        Object {
          "instance": null,
          "key": undefined,
          "nodeType": "host",
          "props": Object {
            "children": <Form
              autoComplete="off"
              onSubmit={[Function]}
              tag="form"
>
              <div
                            className="row"
              >
                            <div
                                          className="col-md"
                            >
                                          <div
                                                        className="mt-5"
                                          >
                                                        <FormGroup
                                                                      tag="div"
                                                        >
                                                                      <Input
                                                                                    name="title"
                                                                                    onChange={[Function]}
                                                                                    placeholder="Title"
                                                                                    type="text"
                                                                                    value=""
                                                                      />
                                                        </FormGroup>
                                                        <FormGroup
                                                                      tag="div"
                                                        >
                                                                      <Input
                                                                                    name="subtitle"
                                                                                    onChange={[Function]}
                                                                                    placeholder="Subtitle"
                                                                                    type="text"
                                                                                    value=""
                                                                      />
                                                        </FormGroup>
                                                        <FormGroup
                                                                      tag="div"
                                                        >
                                                                      <Input
                                                                                    name="tags"
                                                                                    onChange={[Function]}
                                                                                    placeholder="Tag"
                                                                                    type="text"
                                                                                    value=""
                                                                      />
                                                        </FormGroup>
                                                        <FormGroup
                                                                      tag="div"
                                                        >
                                                                      <Input
                                                                                    name="body"
                                                                                    onChange={[Function]}
                                                                                    placeholder="Add your article"
                                                                                    rows="20"
                                                                                    type="textarea"
                                                                                    value=""
                                                                      />
                                                        </FormGroup>
                                                        
                                          </div>
                            </div>
                            <div
                                          className="col-md"
                            >
                                          <div
                                                        className="mt-5"
                                          >
                                                        <Unknown />
                                                        
                                                        
                                          </div>
                            </div>
              </div>
</Form>,
            "className": "container",
          },
          "ref": null,
          "rendered": Object {
            "instance": null,
            "key": undefined,
            "nodeType": "function",
            "props": Object {
              "autoComplete": "off",
              "children": <div
                className="row"
>
                <div
                                className="col-md"
                >
                                <div
                                                className="mt-5"
                                >
                                                <FormGroup
                                                                tag="div"
                                                >
                                                                <Input
                                                                                name="title"
                                                                                onChange={[Function]}
                                                                                placeholder="Title"
                                                                                type="text"
                                                                                value=""
                                                                />
                                                </FormGroup>
                                                <FormGroup
                                                                tag="div"
                                                >
                                                                <Input
                                                                                name="subtitle"
                                                                                onChange={[Function]}
                                                                                placeholder="Subtitle"
                                                                                type="text"
                                                                                value=""
                                                                />
                                                </FormGroup>
                                                <FormGroup
                                                                tag="div"
                                                >
                                                                <Input
                                                                                name="tags"
                                                                                onChange={[Function]}
                                                                                placeholder="Tag"
                                                                                type="text"
                                                                                value=""
                                                                />
                                                </FormGroup>
                                                <FormGroup
                                                                tag="div"
                                                >
                                                                <Input
                                                                                name="body"
                                                                                onChange={[Function]}
                                                                                placeholder="Add your article"
                                                                                rows="20"
                                                                                type="textarea"
                                                                                value=""
                                                                />
                                                </FormGroup>
                                                
                                </div>
                </div>
                <div
                                className="col-md"
                >
                                <div
                                                className="mt-5"
                                >
                                                <Unknown />
                                                
                                                
                                </div>
                </div>
</div>,
              "onSubmit": [Function],
              "tag": "form",
            },
            "ref": null,
            "rendered": Object {
              "instance": null,
              "key": undefined,
              "nodeType": "host",
              "props": Object {
                "children": Array [
                  <div
                    className="col-md"
>
                    <div
                                        className="mt-5"
                    >
                                        <FormGroup
                                                            tag="div"
                                        >
                                                            <Input
                                                                                name="title"
                                                                                onChange={[Function]}
                                                                                placeholder="Title"
                                                                                type="text"
                                                                                value=""
                                                            />
                                        </FormGroup>
                                        <FormGroup
                                                            tag="div"
                                        >
                                                            <Input
                                                                                name="subtitle"
                                                                                onChange={[Function]}
                                                                                placeholder="Subtitle"
                                                                                type="text"
                                                                                value=""
                                                            />
                                        </FormGroup>
                                        <FormGroup
                                                            tag="div"
                                        >
                                                            <Input
                                                                                name="tags"
                                                                                onChange={[Function]}
                                                                                placeholder="Tag"
                                                                                type="text"
                                                                                value=""
                                                            />
                                        </FormGroup>
                                        <FormGroup
                                                            tag="div"
                                        >
                                                            <Input
                                                                                name="body"
                                                                                onChange={[Function]}
                                                                                placeholder="Add your article"
                                                                                rows="20"
                                                                                type="textarea"
                                                                                value=""
                                                            />
                                        </FormGroup>
                                        
                    </div>
</div>,
                  <div
                    className="col-md"
>
                    <div
                                        className="mt-5"
                    >
                                        <Unknown />
                                        
                                        
                    </div>
</div>,
                ],
                "className": "row",
              },
              "ref": null,
              "rendered": Array [
                Object {
                  "instance": null,
                  "key": undefined,
                  "nodeType": "host",
                  "props": Object {
                    "children": <div
                      className="mt-5"
>
                      <FormGroup
                                            tag="div"
                      >
                                            <Input
                                                                  name="title"
                                                                  onChange={[Function]}
                                                                  placeholder="Title"
                                                                  type="text"
                                                                  value=""
                                            />
                      </FormGroup>
                      <FormGroup
                                            tag="div"
                      >
                                            <Input
                                                                  name="subtitle"
                                                                  onChange={[Function]}
                                                                  placeholder="Subtitle"
                                                                  type="text"
                                                                  value=""
                                            />
                      </FormGroup>
                      <FormGroup
                                            tag="div"
                      >
                                            <Input
                                                                  name="tags"
                                                                  onChange={[Function]}
                                                                  placeholder="Tag"
                                                                  type="text"
                                                                  value=""
                                            />
                      </FormGroup>
                      <FormGroup
                                            tag="div"
                      >
                                            <Input
                                                                  name="body"
                                                                  onChange={[Function]}
                                                                  placeholder="Add your article"
                                                                  rows="20"
                                                                  type="textarea"
                                                                  value=""
                                            />
                      </FormGroup>
                      
</div>,
                    "className": "col-md",
                  },
                  "ref": null,
                  "rendered": Object {
                    "instance": null,
                    "key": undefined,
                    "nodeType": "host",
                    "props": Object {
                      "children": Array [
                        <FormGroup
                          tag="div"
>
                          <Input
                                                    name="title"
                                                    onChange={[Function]}
                                                    placeholder="Title"
                                                    type="text"
                                                    value=""
                          />
</FormGroup>,
                        <FormGroup
                          tag="div"
>
                          <Input
                                                    name="subtitle"
                                                    onChange={[Function]}
                                                    placeholder="Subtitle"
                                                    type="text"
                                                    value=""
                          />
</FormGroup>,
                        <FormGroup
                          tag="div"
>
                          <Input
                                                    name="tags"
                                                    onChange={[Function]}
                                                    placeholder="Tag"
                                                    type="text"
                                                    value=""
                          />
</FormGroup>,
                        <FormGroup
                          tag="div"
>
                          <Input
                                                    name="body"
                                                    onChange={[Function]}
                                                    placeholder="Add your article"
                                                    rows="20"
                                                    type="textarea"
                                                    value=""
                          />
</FormGroup>,
                        "",
                      ],
                      "className": "mt-5",
                    },
                    "ref": null,
                    "rendered": Array [
                      Object {
                        "instance": null,
                        "key": undefined,
                        "nodeType": "function",
                        "props": Object {
                          "children": <Input
                            name="title"
                            onChange={[Function]}
                            placeholder="Title"
                            type="text"
                            value=""
/>,
                          "tag": "div",
                        },
                        "ref": null,
                        "rendered": Object {
                          "instance": null,
                          "key": undefined,
                          "nodeType": "class",
                          "props": Object {
                            "name": "title",
                            "onChange": [Function],
                            "placeholder": "Title",
                            "type": "text",
                            "value": "",
                          },
                          "ref": null,
                          "rendered": null,
                          "type": [Function],
                        },
                        "type": [Function],
                      },
                      Object {
                        "instance": null,
                        "key": undefined,
                        "nodeType": "function",
                        "props": Object {
                          "children": <Input
                            name="subtitle"
                            onChange={[Function]}
                            placeholder="Subtitle"
                            type="text"
                            value=""
/>,
                          "tag": "div",
                        },
                        "ref": null,
                        "rendered": Object {
                          "instance": null,
                          "key": undefined,
                          "nodeType": "class",
                          "props": Object {
                            "name": "subtitle",
                            "onChange": [Function],
                            "placeholder": "Subtitle",
                            "type": "text",
                            "value": "",
                          },
                          "ref": null,
                          "rendered": null,
                          "type": [Function],
                        },
                        "type": [Function],
                      },
                      Object {
                        "instance": null,
                        "key": undefined,
                        "nodeType": "function",
                        "props": Object {
                          "children": <Input
                            name="tags"
                            onChange={[Function]}
                            placeholder="Tag"
                            type="text"
                            value=""
/>,
                          "tag": "div",
                        },
                        "ref": null,
                        "rendered": Object {
                          "instance": null,
                          "key": undefined,
                          "nodeType": "class",
                          "props": Object {
                            "name": "tags",
                            "onChange": [Function],
                            "placeholder": "Tag",
                            "type": "text",
                            "value": "",
                          },
                          "ref": null,
                          "rendered": null,
                          "type": [Function],
                        },
                        "type": [Function],
                      },
                      Object {
                        "instance": null,
                        "key": undefined,
                        "nodeType": "function",
                        "props": Object {
                          "children": <Input
                            name="body"
                            onChange={[Function]}
                            placeholder="Add your article"
                            rows="20"
                            type="textarea"
                            value=""
/>,
                          "tag": "div",
                        },
                        "ref": null,
                        "rendered": Object {
                          "instance": null,
                          "key": undefined,
                          "nodeType": "class",
                          "props": Object {
                            "name": "body",
                            "onChange": [Function],
                            "placeholder": "Add your article",
                            "rows": "20",
                            "type": "textarea",
                            "value": "",
                          },
                          "ref": null,
                          "rendered": null,
                          "type": [Function],
                        },
                        "type": [Function],
                      },
                      "",
                    ],
                    "type": "div",
                  },
                  "type": "div",
                },
                Object {
                  "instance": null,
                  "key": undefined,
                  "nodeType": "host",
                  "props": Object {
                    "children": <div
                      className="mt-5"
>
                      <Unknown />
                      
                      
</div>,
                    "className": "col-md",
                  },
                  "ref": null,
                  "rendered": Object {
                    "instance": null,
                    "key": undefined,
                    "nodeType": "host",
                    "props": Object {
                      "children": Array [
                        <Unknown />,
                        "",
                        "",
                      ],
                      "className": "mt-5",
                    },
                    "ref": null,
                    "rendered": Array [
                      Object {
                        "instance": null,
                        "key": undefined,
                        "nodeType": "function",
                        "props": Object {},
                        "ref": null,
                        "rendered": null,
                        "type": [Function],
                      },
                      "",
                      "",
                    ],
                    "type": "div",
                  },
                  "type": "div",
                },
              ],
              "type": "div",
            },
            "type": [Function],
          },
          "type": "div",
        },
      ],
      "type": Symbol(react.fragment),
    },
  ],
  Symbol(enzyme.__options__): Object {
    "adapter": ReactSixteenAdapter {
      "options": Object {
        "enableComponentDidUpdateOnSetState": true,
      },
    },
  },
}
`;
