// Jest Snapshot v1, https://goo.gl/fbAQLP

exports[`Shared Pagination should correctly render Pagination 1`] = `
ShallowWrapper {
  "length": 1,
  Symbol(enzyme.__root__): [Circular],
  Symbol(enzyme.__unrendered__): <Unknown />,
  Symbol(enzyme.__renderer__): Object {
    "batchedUpdates": [Function],
    "getNode": [Function],
    "render": [Function],
    "simulateEvent": [Function],
    "unmount": [Function],
  },
  Symbol(enzyme.__node__): Object {
    "instance": null,
    "key": undefined,
    "nodeType": "function",
    "props": Object {
      "children": Array [
        <PaginationItem
          hidden={false}
          tag="li"
>
          <PaginationLink
                    previous={true}
                    tag={[Function]}
                    to="/?currentPage=NaN"
          />
</PaginationItem>,
        Array [],
        <PaginationItem
          hidden={false}
          tag="li"
>
          <PaginationLink
                    next={true}
                    tag={[Function]}
                    to="/?currentPage=NaN"
          />
</PaginationItem>,
      ],
      "tag": "ul",
    },
    "ref": null,
    "rendered": Array [
      Object {
        "instance": null,
        "key": undefined,
        "nodeType": "function",
        "props": Object {
          "children": <PaginationLink
            previous={true}
            tag={[Function]}
            to="/?currentPage=NaN"
/>,
          "hidden": false,
          "tag": "li",
        },
        "ref": null,
        "rendered": Object {
          "instance": null,
          "key": undefined,
          "nodeType": "function",
          "props": Object {
            "previous": true,
            "tag": [Function],
            "to": "/?currentPage=NaN",
          },
          "ref": null,
          "rendered": null,
          "type": [Function],
        },
        "type": [Function],
      },
      Object {
        "instance": null,
        "key": undefined,
        "nodeType": "function",
        "props": Object {
          "children": <PaginationLink
            next={true}
            tag={[Function]}
            to="/?currentPage=NaN"
/>,
          "hidden": false,
          "tag": "li",
        },
        "ref": null,
        "rendered": Object {
          "instance": null,
          "key": undefined,
          "nodeType": "function",
          "props": Object {
            "next": true,
            "tag": [Function],
            "to": "/?currentPage=NaN",
          },
          "ref": null,
          "rendered": null,
          "type": [Function],
        },
        "type": [Function],
      },
    ],
    "type": [Function],
  },
  Symbol(enzyme.__nodes__): Array [
    Object {
      "instance": null,
      "key": undefined,
      "nodeType": "function",
      "props": Object {
        "children": Array [
          <PaginationItem
            hidden={false}
            tag="li"
>
            <PaginationLink
                        previous={true}
                        tag={[Function]}
                        to="/?currentPage=NaN"
            />
</PaginationItem>,
          Array [],
          <PaginationItem
            hidden={false}
            tag="li"
>
            <PaginationLink
                        next={true}
                        tag={[Function]}
                        to="/?currentPage=NaN"
            />
</PaginationItem>,
        ],
        "tag": "ul",
      },
      "ref": null,
      "rendered": Array [
        Object {
          "instance": null,
          "key": undefined,
          "nodeType": "function",
          "props": Object {
            "children": <PaginationLink
              previous={true}
              tag={[Function]}
              to="/?currentPage=NaN"
/>,
            "hidden": false,
            "tag": "li",
          },
          "ref": null,
          "rendered": Object {
            "instance": null,
            "key": undefined,
            "nodeType": "function",
            "props": Object {
              "previous": true,
              "tag": [Function],
              "to": "/?currentPage=NaN",
            },
            "ref": null,
            "rendered": null,
            "type": [Function],
          },
          "type": [Function],
        },
        Object {
          "instance": null,
          "key": undefined,
          "nodeType": "function",
          "props": Object {
            "children": <PaginationLink
              next={true}
              tag={[Function]}
              to="/?currentPage=NaN"
/>,
            "hidden": false,
            "tag": "li",
          },
          "ref": null,
          "rendered": Object {
            "instance": null,
            "key": undefined,
            "nodeType": "function",
            "props": Object {
              "next": true,
              "tag": [Function],
              "to": "/?currentPage=NaN",
            },
            "ref": null,
            "rendered": null,
            "type": [Function],
          },
          "type": [Function],
        },
      ],
      "type": [Function],
    },
  ],
  Symbol(enzyme.__options__): Object {
    "adapter": ReactSixteenAdapter {
      "options": Object {
        "enableComponentDidUpdateOnSetState": true,
      },
    },
  },
}
`;
